ciao
©ulo
hello world
